
> react-kavia@0.1.0 start
> react-scripts start

Attempting to bind to HOST environment variable: 0.0.0.0
If this was unintentional, check that you haven't mistakenly set it in your shell.
Learn more here: https://cra.link/advanced-config

(node:8001) [DEP_WEBPACK_DEV_SERVER_ON_AFTER_SETUP_MIDDLEWARE] DeprecationWarning: 'onAfterSetupMiddleware' option is deprecated. Please use the 'setupMiddlewares' option.
(Use `node --trace-deprecation ...` to show where the warning was created)
(node:8001) [DEP_WEBPACK_DEV_SERVER_ON_BEFORE_SETUP_MIDDLEWARE] DeprecationWarning: 'onBeforeSetupMiddleware' option is deprecated. Please use the 'setupMiddlewares' option.
Starting the development server...

Compiled successfully!

You can now view react-kavia in the browser.

  Local:            http://localhost:3000
  On Your Network:  http://172.17.0.2:3000

Note that the development build is not optimized.
To create a production build, use npm run build.

webpack compiled successfully
Compiling...
Compiled with warnings.

[eslint] 
src/App.js
  Line 36:27:  'setRecommendations' is assigned a value but never used  no-unused-vars

Search for the keywords to learn more about each warning.
To ignore, add // eslint-disable-next-line to the line before.

WARNING in [eslint] 
src/App.js
  Line 36:27:  'setRecommendations' is assigned a value but never used  no-unused-vars

webpack compiled with 1 warning
Compiling...
Compiled with warnings.

[eslint] 
src/App.js
  Line 42:27:  'setRecommendations' is assigned a value but never used  no-unused-vars
  Line 45:10:  'loading' is assigned a value but never used             no-unused-vars
  Line 46:10:  'error' is assigned a value but never used               no-unused-vars

Search for the keywords to learn more about each warning.
To ignore, add // eslint-disable-next-line to the line before.

WARNING in [eslint] 
src/App.js
  Line 42:27:  'setRecommendations' is assigned a value but never used  no-unused-vars
  Line 45:10:  'loading' is assigned a value but never used             no-unused-vars
  Line 46:10:  'error' is assigned a value but never used               no-unused-vars

webpack compiled with 1 warning
Compiling...
Compiled with warnings.

[eslint] 
src/App.js
  Line 42:27:  'setRecommendations' is assigned a value but never used  no-unused-vars
  Line 45:10:  'loading' is assigned a value but never used             no-unused-vars
  Line 46:10:  'error' is assigned a value but never used               no-unused-vars

Search for the keywords to learn more about each warning.
To ignore, add // eslint-disable-next-line to the line before.

WARNING in [eslint] 
src/App.js
  Line 42:27:  'setRecommendations' is assigned a value but never used  no-unused-vars
  Line 45:10:  'loading' is assigned a value but never used             no-unused-vars
  Line 46:10:  'error' is assigned a value but never used               no-unused-vars

webpack compiled with 1 warning
Compiling...
Compiled with warnings.

[eslint] 
src/App.js
  Line 42:27:  'setRecommendations' is assigned a value but never used  no-unused-vars
  Line 45:10:  'loading' is assigned a value but never used             no-unused-vars
  Line 46:10:  'error' is assigned a value but never used               no-unused-vars

Search for the keywords to learn more about each warning.
To ignore, add // eslint-disable-next-line to the line before.

WARNING in [eslint] 
src/App.js
  Line 42:27:  'setRecommendations' is assigned a value but never used  no-unused-vars
  Line 45:10:  'loading' is assigned a value but never used             no-unused-vars
  Line 46:10:  'error' is assigned a value but never used               no-unused-vars

webpack compiled with 1 warning
Compiling...
Failed to compile.

Module not found: Error: Can't resolve '@supabase/supabase-js' in '/home/kavia/workspace/code-generation/nutrimeal-planner-104956-104965/meal_planner_frontend/src/utils'
WARNING in [eslint] 
src/App.js
  Line 42:27:  'setRecommendations' is assigned a value but never used  no-unused-vars
  Line 45:10:  'loading' is assigned a value but never used             no-unused-vars
  Line 46:10:  'error' is assigned a value but never used               no-unused-vars

ERROR in ./src/utils/supabaseService.js 3:0-53
Module not found: Error: Can't resolve '@supabase/supabase-js' in '/home/kavia/workspace/code-generation/nutrimeal-planner-104956-104965/meal_planner_frontend/src/utils'

webpack compiled with 1 error and 1 warning
Compiling...
Failed to compile.

Module not found: Error: Can't resolve '@supabase/supabase-js' in '/home/kavia/workspace/code-generation/nutrimeal-planner-104956-104965/meal_planner_frontend/src/utils'
LOG from webpack.FileSystemInfo
<w> Managed item /home/kavia/workspace/code-generation/nutrimeal-planner-104956-104965/meal_planner_frontend/node_modules/@supabase/supabase-js isn't a directory or doesn't contain a package.json (see snapshot.managedPaths option)
+ 13 hidden lines

WARNING in [eslint] 
src/App.js
  Line 42:27:  'setRecommendations' is assigned a value but never used  no-unused-vars
  Line 45:10:  'loading' is assigned a value but never used             no-unused-vars
  Line 46:10:  'error' is assigned a value but never used               no-unused-vars

ERROR in ./src/utils/supabaseService.js 3:0-53
Module not found: Error: Can't resolve '@supabase/supabase-js' in '/home/kavia/workspace/code-generation/nutrimeal-planner-104956-104965/meal_planner_frontend/src/utils'

webpack compiled with 1 error and 1 warning
Compiling...
Compiled with warnings.

Failed to parse source map from '/home/kavia/workspace/code-generation/nutrimeal-planner-104956-104965/meal_planner_frontend/node_modules/@supabase/supabase-js/src/index.ts' file: Error: ENOENT: no such file or directory, open '/home/kavia/workspace/code-generation/nutrimeal-planner-104956-104965/meal_planner_frontend/node_modules/@supabase/supabase-js/src/index.ts'

[eslint] 
src/App.js
  Line 42:27:  'setRecommendations' is assigned a value but never used  no-unused-vars
  Line 45:10:  'loading' is assigned a value but never used             no-unused-vars
  Line 46:10:  'error' is assigned a value but never used               no-unused-vars

Search for the keywords to learn more about each warning.
To ignore, add // eslint-disable-next-line to the line before.

WARNING in ./node_modules/@supabase/supabase-js/dist/module/index.js
Module Warning (from ./node_modules/source-map-loader/dist/cjs.js):
Failed to parse source map from '/home/kavia/workspace/code-generation/nutrimeal-planner-104956-104965/meal_planner_frontend/node_modules/@supabase/supabase-js/src/index.ts' file: Error: ENOENT: no such file or directory, open '/home/kavia/workspace/code-generation/nutrimeal-planner-104956-104965/meal_planner_frontend/node_modules/@supabase/supabase-js/src/index.ts'

WARNING in [eslint] 
src/App.js
  Line 42:27:  'setRecommendations' is assigned a value but never used  no-unused-vars
  Line 45:10:  'loading' is assigned a value but never used             no-unused-vars
  Line 46:10:  'error' is assigned a value but never used               no-unused-vars

webpack compiled with 2 warnings
Compiling...
Compiled with warnings.

Failed to parse source map from '/home/kavia/workspace/code-generation/nutrimeal-planner-104956-104965/meal_planner_frontend/node_modules/@supabase/supabase-js/src/index.ts' file: Error: ENOENT: no such file or directory, open '/home/kavia/workspace/code-generation/nutrimeal-planner-104956-104965/meal_planner_frontend/node_modules/@supabase/supabase-js/src/index.ts'

[eslint] 
src/App.js
  Line 42:27:  'setRecommendations' is assigned a value but never used  no-unused-vars
  Line 45:10:  'loading' is assigned a value but never used             no-unused-vars
  Line 46:10:  'error' is assigned a value but never used               no-unused-vars

Search for the keywords to learn more about each warning.
To ignore, add // eslint-disable-next-line to the line before.

WARNING in ./node_modules/@supabase/supabase-js/dist/module/index.js
Module Warning (from ./node_modules/source-map-loader/dist/cjs.js):
Failed to parse source map from '/home/kavia/workspace/code-generation/nutrimeal-planner-104956-104965/meal_planner_frontend/node_modules/@supabase/supabase-js/src/index.ts' file: Error: ENOENT: no such file or directory, open '/home/kavia/workspace/code-generation/nutrimeal-planner-104956-104965/meal_planner_frontend/node_modules/@supabase/supabase-js/src/index.ts'

WARNING in [eslint] 
src/App.js
  Line 42:27:  'setRecommendations' is assigned a value but never used  no-unused-vars
  Line 45:10:  'loading' is assigned a value but never used             no-unused-vars
  Line 46:10:  'error' is assigned a value but never used               no-unused-vars

webpack compiled with 2 warnings
